[debug] [2026-04-28T15:01:21.272Z] ----------------------------------------------------------------------
[debug] [2026-04-28T15:01:21.282Z] Command:       C:\Program Files\nodejs\node.exe C:\Users\K TECH\AppData\Roaming\npm\node_modules\firebase-tools\lib\bin\firebase.js deploy --only database
[debug] [2026-04-28T15:01:21.283Z] CLI Version:   14.12.1
[debug] [2026-04-28T15:01:21.283Z] Platform:      win32
[debug] [2026-04-28T15:01:21.283Z] Node Version:  v22.14.0
[debug] [2026-04-28T15:01:21.284Z] Time:          Tue Apr 28 2026 20:01:21 GMT+0500 (Pakistan Standard Time)
[debug] [2026-04-28T15:01:21.284Z] ----------------------------------------------------------------------
[debug] 
[debug] [2026-04-28T15:01:21.708Z] > command requires scopes: ["email","openid","https://www.googleapis.com/auth/cloudplatformprojects.readonly","https://www.googleapis.com/auth/firebase","https://www.googleapis.com/auth/cloud-platform"]
[debug] [2026-04-28T15:01:21.709Z] > authorizing via signed-in user (sspopitnl@gmail.com)
[debug] [2026-04-28T15:01:21.709Z] [iam] checking project go-musafir for permissions ["firebase.projects.get","firebasedatabase.instances.update"]
[debug] [2026-04-28T15:01:21.711Z] No OAuth tokens found
[debug] [2026-04-28T15:01:21.711Z] No OAuth tokens found
[debug] [2026-04-28T15:01:21.712Z] > refreshing access token with scopes: []
[debug] [2026-04-28T15:01:21.714Z] >>> [apiv2][query] POST https://www.googleapis.com/oauth2/v3/token [none]
[debug] [2026-04-28T15:01:21.714Z] >>> [apiv2][body] POST https://www.googleapis.com/oauth2/v3/token [omitted]
[debug] [2026-04-28T15:01:22.246Z] <<< [apiv2][status] POST https://www.googleapis.com/oauth2/v3/token 200
[debug] [2026-04-28T15:01:22.246Z] <<< [apiv2][body] POST https://www.googleapis.com/oauth2/v3/token [omitted]
[debug] [2026-04-28T15:01:22.255Z] >>> [apiv2][query] POST https://cloudresourcemanager.googleapis.com/v1/projects/go-musafir:testIamPermissions [none]
[debug] [2026-04-28T15:01:22.255Z] >>> [apiv2][(partial)header] POST https://cloudresourcemanager.googleapis.com/v1/projects/go-musafir:testIamPermissions x-goog-quota-user=projects/go-musafir
[debug] [2026-04-28T15:01:22.255Z] >>> [apiv2][body] POST https://cloudresourcemanager.googleapis.com/v1/projects/go-musafir:testIamPermissions {"permissions":["firebase.projects.get","firebasedatabase.instances.update"]}
[debug] [2026-04-28T15:01:23.804Z] <<< [apiv2][status] POST https://cloudresourcemanager.googleapis.com/v1/projects/go-musafir:testIamPermissions 200
[debug] [2026-04-28T15:01:23.804Z] <<< [apiv2][body] POST https://cloudresourcemanager.googleapis.com/v1/projects/go-musafir:testIamPermissions {"permissions":["firebase.projects.get","firebasedatabase.instances.update"]}
[debug] [2026-04-28T15:01:23.805Z] Checked if tokens are valid: true, expires at: 1777392081246
[debug] [2026-04-28T15:01:23.805Z] Checked if tokens are valid: true, expires at: 1777392081246
[debug] [2026-04-28T15:01:23.806Z] >>> [apiv2][query] GET https://firebase.googleapis.com/v1beta1/projects/go-musafir [none]
[debug] [2026-04-28T15:01:24.445Z] <<< [apiv2][status] GET https://firebase.googleapis.com/v1beta1/projects/go-musafir 200
[debug] [2026-04-28T15:01:24.446Z] <<< [apiv2][body] GET https://firebase.googleapis.com/v1beta1/projects/go-musafir {"projectId":"go-musafir","projectNumber":"1034454374081","displayName":"GoMusafir","name":"projects/go-musafir","resources":{"hostingSite":"go-musafir","realtimeDatabaseInstance":"go-musafir-default-rtdb"},"state":"ACTIVE","etag":"1_3d6058c3-2603-46e7-85d8-70908cad6cb1"}
[info] 
[info] === Deploying to 'go-musafir'...
[info] 
[info] i  deploying database 
[info] i  database: checking rules syntax... 
[debug] [2026-04-28T15:01:24.456Z] Checked if tokens are valid: true, expires at: 1777392081246
[debug] [2026-04-28T15:01:24.456Z] Checked if tokens are valid: true, expires at: 1777392081246
[debug] [2026-04-28T15:01:24.457Z] >>> [apiv2][query] GET https://firebasedatabase.googleapis.com/v1beta/projects/go-musafir/locations/-/instances/go-musafir-default-rtdb [none]
[debug] [2026-04-28T15:01:26.264Z] <<< [apiv2][status] GET https://firebasedatabase.googleapis.com/v1beta/projects/go-musafir/locations/-/instances/go-musafir-default-rtdb 200
[debug] [2026-04-28T15:01:26.264Z] <<< [apiv2][body] GET https://firebasedatabase.googleapis.com/v1beta/projects/go-musafir/locations/-/instances/go-musafir-default-rtdb {"name":"projects/1034454374081/locations/europe-west1/instances/go-musafir-default-rtdb","project":"projects/1034454374081","databaseUrl":"https://go-musafir-default-rtdb.europe-west1.firebasedatabase.app","type":"DEFAULT_DATABASE","state":"ACTIVE"}
[debug] [2026-04-28T15:01:26.266Z] Checked if tokens are valid: true, expires at: 1777392081246
[debug] [2026-04-28T15:01:26.266Z] Checked if tokens are valid: true, expires at: 1777392081246
[debug] [2026-04-28T15:01:26.266Z] >>> [apiv2][query] PUT https://go-musafir-default-rtdb.europe-west1.firebasedatabase.app/.settings/rules.json 
[debug] [2026-04-28T15:01:26.267Z] >>> [apiv2][body] PUT https://go-musafir-default-rtdb.europe-west1.firebasedatabase.app/.settings/rules.json {"dryRun":true}
[debug] [2026-04-28T15:01:26.983Z] <<< [apiv2][status] PUT https://go-musafir-default-rtdb.europe-west1.firebasedatabase.app/.settings/rules.json 400
[debug] [2026-04-28T15:01:26.984Z] <<< [apiv2][body] PUT https://go-musafir-default-rtdb.europe-west1.firebasedatabase.app/.settings/rules.json {"error":"1:2: Expected 'rules' property.\n"}
[error] 
[error] Error: Syntax error in database rules:

1:2: Expected 'rules' property.

[debug] [2026-04-28T15:01:27.248Z] Error: EBUSY: resource busy or locked, unlink 'D:\GoMusafir\firebase-debug.log'
    at Object.unlinkSync (node:fs:1953:11)
    at process.<anonymous> (C:\Users\K TECH\AppData\Roaming\npm\node_modules\firebase-tools\lib\bin\cli.js:44:16)
    at process.emit (node:events:530:35)
    at process.exit (node:internal/process/per_thread:184:15)
    at Timeout._onTimeout (C:\Users\K TECH\AppData\Roaming\npm\node_modules\firebase-tools\lib\errorOut.js:20:17)
    at listOnTimeout (node:internal/timers:594:17)
    at process.processTimers (node:internal/timers:529:7)
[error] 
[error] Error: An unexpected error has occurred.
